Linux free命令

Linux free命令用于显示内存状态。

free指令会显示内存的使用情况，包括实体内存，虚拟的交换文件内存，共享内存区段，以及系统核心使用的缓冲区等。

语法： free [-bkmotV][-s <间隔秒数>]


参数说明：
	-b 　以Byte为单位显示内存使用情况。
	-k 　以KB为单位显示内存使用情况。
	-m 　以MB为单位显示内存使用情况。
	-h 　以合适的单位显示内存使用情况，最大为三位数，自动计算对应的单位值。单位有：
		B = bytes
		K = kilos
		M = megas
		G = gigas
		T = teras
	-o 　不显示缓冲区调节列。
	-s<间隔秒数> 　持续观察内存使用状况。
	-t 　显示内存总和列。
	-V 　显示版本信息。


free -h
              total        used        free      shared  buff/cache   available
Mem:            15G        2.3G        1.4G        1.0G         11G         11G
Swap:            0B          0B          0B

输出简介
下面先解释一下输出的内容：
	Mem 行(第二行)是内存的使用情况。
	Swap 行(第三行)是交换空间的使用情况。
	total 列显示系统总的可用物理内存和交换空间大小。
	used 列显示已经被使用的物理内存和交换空间。
	free 列显示还有多少物理内存和交换空间可用使用。
	shared 列显示被共享使用的物理内存大小。
	buff/cache 列显示被 buffer 和 cache 使用的物理内存大小。
	available 列显示还可以被应用程序使用的物理内存大小。


/proc/meminfo 文件
其实 free 命令中的信息都来自于 /proc/meminfo 文件。/proc/meminfo 文件包含了更多更原始的信息，只是看起来不太直观：
	cat /proc/meminfo

	MemTotal:       16265780 kB
	MemFree:          635244 kB
	MemAvailable:   12409076 kB
	Buffers:          112608 kB
	Cached:         12847508 kB
	SwapCached:            0 kB
	Active:          9388540 kB
	Inactive:        5745540 kB
	Active(anon):    2741032 kB
	Inactive(anon):   474156 kB
	Active(file):    6647508 kB
	Inactive(file):  5271384 kB
	Unevictable:           4 kB
	Mlocked:               4 kB
	SwapTotal:             0 kB
	SwapFree:              0 kB
	Dirty:               100 kB
	Writeback:             0 kB
	AnonPages:       2173980 kB
	Mapped:           295500 kB
	Shmem:           1041224 kB
	Slab:             251696 kB
	SReclaimable:     193180 kB
	SUnreclaim:        58516 kB
	KernelStack:        8848 kB
	PageTables:        50336 kB
	NFS_Unstable:          0 kB
	Bounce:                0 kB
	WritebackTmp:          0 kB
	CommitLimit:     8132888 kB
	Committed_AS:   13640388 kB
	VmallocTotal:   34359738367 kB
	VmallocUsed:       50840 kB
	VmallocChunk:   34359639832 kB
	HardwareCorrupted:     0 kB
	AnonHugePages:    126976 kB
	CmaTotal:              0 kB
	CmaFree:               0 kB
	HugePages_Total:       0
	HugePages_Free:        0
	HugePages_Rsvd:        0
	HugePages_Surp:        0
	Hugepagesize:       2048 kB
	DirectMap4k:      221032 kB
	DirectMap2M:     9216000 kB
	DirectMap1G:     9437184 kB
























